templated manifests should match snapshot:
  1: |
    apiVersion: rbac.authorization.k8s.io/v1
    kind: ClusterRole
    metadata:
      labels:
        app.kubernetes.io/instance: RELEASE-NAME
        app.kubernetes.io/managed-by: Helm
        app.kubernetes.io/name: azimuth-apps-operator
        app.kubernetes.io/version: main
        helm.sh/chart: azimuth-apps-operator-0.1.0
      name: release-name-azimuth-apps-operator
    rules:
      - apiGroups:
          - apiextensions.k8s.io
        resources:
          - customresourcedefinitions
        verbs:
          - list
          - get
          - watch
          - create
      - apiGroups:
          - apiextensions.k8s.io
        resourceNames:
          - apptemplates.apps.azimuth-cloud.io
          - apps.apps.azimuth-cloud.io
        resources:
          - customresourcedefinitions
        verbs:
          - update
          - patch
      - apiGroups:
          - ""
        resources:
          - namespaces
        verbs:
          - list
          - watch
      - apiGroups:
          - ""
          - events.k8s.io
        resources:
          - events
        verbs:
          - create
      - apiGroups:
          - apps.azimuth-cloud.io
        resources:
          - '*'
        verbs:
          - '*'
      - apiGroups:
          - ""
        resources:
          - secrets
        verbs:
          - '*'
      - apiGroups:
          - source.toolkit.fluxcd.io
        resources:
          - helmrepositories
          - helmcharts
        verbs:
          - '*'
      - apiGroups:
          - helm.toolkit.fluxcd.io
        resources:
          - helmreleases
        verbs:
          - '*'
      - apiGroups:
          - identity.azimuth.stackhpc.com
        resources:
          - platforms
        verbs:
          - '*'
  2: |
    apiVersion: rbac.authorization.k8s.io/v1
    kind: ClusterRoleBinding
    metadata:
      labels:
        app.kubernetes.io/instance: RELEASE-NAME
        app.kubernetes.io/managed-by: Helm
        app.kubernetes.io/name: azimuth-apps-operator
        app.kubernetes.io/version: main
        helm.sh/chart: azimuth-apps-operator-0.1.0
      name: release-name-azimuth-apps-operator
    roleRef:
      apiGroup: rbac.authorization.k8s.io
      kind: ClusterRole
      name: release-name-azimuth-apps-operator
    subjects:
      - kind: ServiceAccount
        name: release-name-azimuth-apps-operator
        namespace: NAMESPACE
  3: |
    apiVersion: apps/v1
    kind: Deployment
    metadata:
      labels:
        app.kubernetes.io/instance: RELEASE-NAME
        app.kubernetes.io/managed-by: Helm
        app.kubernetes.io/name: azimuth-apps-operator
        app.kubernetes.io/version: main
        helm.sh/chart: azimuth-apps-operator-0.1.0
      name: release-name-azimuth-apps-operator
    spec:
      replicas: 1
      selector:
        matchLabels:
          app.kubernetes.io/instance: RELEASE-NAME
          app.kubernetes.io/name: azimuth-apps-operator
      strategy:
        type: Recreate
      template:
        metadata:
          annotations:
            azimuth.stackhpc.com/config-hash: 433363aa020effa397e7e63c535231db34bbc4d2900eadd596609a64cb8ebbbd
          labels:
            app.kubernetes.io/instance: RELEASE-NAME
            app.kubernetes.io/name: azimuth-apps-operator
        spec:
          containers:
            - image: ghcr.io/azimuth-cloud/azimuth-apps-operator:main
              imagePullPolicy: IfNotPresent
              name: operator
              ports:
                - containerPort: 8080
                  name: metrics
                  protocol: TCP
              resources: {}
              securityContext:
                allowPrivilegeEscalation: false
                capabilities:
                  drop:
                    - ALL
                readOnlyRootFilesystem: true
              volumeMounts:
                - mountPath: /etc/azimuth
                  name: etc-azimuth
                  readOnly: true
                - mountPath: /tmp
                  name: tmp
          securityContext:
            runAsNonRoot: true
          serviceAccountName: release-name-azimuth-apps-operator
          volumes:
            - name: etc-azimuth
              secret:
                secretName: release-name-azimuth-apps-operator
            - emptyDir: {}
              name: tmp
  4: |
    apiVersion: v1
    kind: Secret
    metadata:
      labels:
        app.kubernetes.io/instance: RELEASE-NAME
        app.kubernetes.io/managed-by: Helm
        app.kubernetes.io/name: azimuth-apps-operator
        app.kubernetes.io/version: main
        helm.sh/chart: azimuth-apps-operator-0.1.0
      name: release-name-azimuth-apps-operator
    stringData:
      apps-operator.yaml: |
        !include "/etc/azimuth/defaults.yaml,/etc/azimuth/user-config.yaml"
      defaults.yaml: |
        {}
      user-config.yaml: |
        zenithOperator:
          chartName: zenith-operator
          chartRepo: https://azimuth-cloud.github.io/zenith
          chartVersion: 0.15.1
  5: |
    apiVersion: v1
    kind: Service
    metadata:
      labels:
        app.kubernetes.io/instance: RELEASE-NAME
        app.kubernetes.io/managed-by: Helm
        app.kubernetes.io/name: azimuth-apps-operator
        app.kubernetes.io/version: main
        helm.sh/chart: azimuth-apps-operator-0.1.0
      name: release-name-azimuth-apps-operator
    spec:
      ports:
        - name: metrics
          port: 8080
          protocol: TCP
          targetPort: metrics
      selector:
        app.kubernetes.io/instance: RELEASE-NAME
        app.kubernetes.io/name: azimuth-apps-operator
      type: ClusterIP
  6: |
    apiVersion: v1
    kind: ServiceAccount
    metadata:
      labels:
        app.kubernetes.io/instance: RELEASE-NAME
        app.kubernetes.io/managed-by: Helm
        app.kubernetes.io/name: azimuth-apps-operator
        app.kubernetes.io/version: main
        helm.sh/chart: azimuth-apps-operator-0.1.0
      name: release-name-azimuth-apps-operator
